// Jest Snapshot v1, https://goo.gl/fbAQLP

exports[`<Rectangle /> Rectangle with border props 1`] = `
<rectangle
  height={100}
  innerRef={
    Object {
      "current": undefined,
    }
  }
  strokeWeight={10}
  strokes={
    Array [
      Object {
        "color": Object {
          "b": 0.1607843137254902,
          "g": 0.5450980392156862,
          "r": 1,
        },
        "type": "SOLID",
      },
    ]
  }
  style={
    Object {
      "borderColor": "#ff8b29",
      "borderWidth": 10,
      "height": 100,
      "width": 200,
    }
  }
  width={200}
/>
`;

exports[`<Rectangle /> Rectangle with color background 1`] = `
<rectangle
  fills={
    Array [
      Object {
        "color": Object {
          "b": 0,
          "g": 1,
          "r": 0.10588235294117647,
        },
        "type": "SOLID",
      },
    ]
  }
  innerRef={
    Object {
      "current": undefined,
    }
  }
  style={
    Object {
      "backgroundColor": "#1bff00",
    }
  }
/>
`;

exports[`<Rectangle /> Rectangle with image background 1`] = `
<rectangle
  fills={
    Array [
      Object {
        "color": Object {
          "b": 0.1607843137254902,
          "g": 0.5450980392156862,
          "r": 1,
        },
        "type": "SOLID",
      },
    ]
  }
  innerRef={
    Object {
      "current": undefined,
    }
  }
  style={
    Object {
      "backgroundColor": "#ff8b29",
      "backgroundImage": "./image.png",
      "backgroundSize": "cover",
    }
  }
/>
`;

exports[`<Rectangle /> Rectangle with layout style properties 1`] = `
<rectangle
  height={200}
  innerRef={
    Object {
      "current": undefined,
    }
  }
  style={
    Object {
      "height": 200,
      "left": 20,
      "top": 50,
      "width": 100,
    }
  }
  width={100}
  x={20}
  y={50}
/>
`;

exports[`<Rectangle /> Rectangle without props 1`] = `
<rectangle
  innerRef={
    Object {
      "current": undefined,
    }
  }
/>
`;
